../Core/Src/CANBus.c:28:6:HAL_CAN_RxFifo1MsgPendingCallback	16	static
../Core/Src/CANBus.c:36:6:HAL_CAN_RxFifo0MsgPendingCallback	16	static
../Core/Src/CANBus.c:44:6:CANBusInit	8	static
../Core/Src/CANBus.c:50:6:CANBusSendData	24	static
../Core/Src/CANBus.c:82:6:CANBusGetData	16	static
../Core/Src/CANBus.c:94:7:CANBusCheckPID	32	static
../Core/Src/CANBus.c:109:6:CANBusInit_11B_500K	8	static
../Core/Src/CANBus.c:155:6:CANBusInit_11B_250K	8	static
../Core/Src/CANBus.c:198:6:CANBusInit_29B_500K	8	static
../Core/Src/CANBus.c:241:6:CANBusInit_29B_250K	8	static
../Core/Src/CANBus.c:284:6:CANBusInit_ISO_15765_4	8	static
../Core/Src/CANBus.c:293:6:CANBusInit_AUTO	8	static
../Core/Src/CANBus.c:299:6:CANSendPathThrough	24	static
../Core/Src/CANBus.c:318:6:CANRxHandler	16	static
