../Core/Src/CANBus.c:29:6:HAL_CAN_RxFifo1MsgPendingCallback	16	static
../Core/Src/CANBus.c:37:6:HAL_CAN_RxFifo0MsgPendingCallback	16	static
../Core/Src/CANBus.c:45:6:CANBusInit	8	static
../Core/Src/CANBus.c:51:6:CANBusSendData	24	static
../Core/Src/CANBus.c:83:6:CANBusGetData	16	static
../Core/Src/CANBus.c:95:7:CANBusCheckPID	32	static
../Core/Src/CANBus.c:110:6:CANBusInit_11B_500K	8	static
../Core/Src/CANBus.c:156:6:CANBusInit_11B_250K	8	static
../Core/Src/CANBus.c:199:6:CANBusInit_29B_500K	8	static
../Core/Src/CANBus.c:242:6:CANBusInit_29B_250K	8	static
../Core/Src/CANBus.c:285:6:CANBusInit_ISO_15765_4	8	static
../Core/Src/CANBus.c:294:6:CANBusInit_AUTO	8	static
../Core/Src/CANBus.c:300:6:CANSendPathThrough	24	static
../Core/Src/CANBus.c:319:6:CANRxHandler	16	static
../Core/Src/CANBus.c:332:6:CANTxTest	8	static
